
  ___  ____  ____  ____  ____ (R)
 /__    /   ____/   /   ____/
___/   /   /___/   /   /___/   15.1   Copyright 1985-2017 StataCorp LLC
  Statistics/Data Analysis            StataCorp
                                      4905 Lakeway Drive
     MP - Parallel Edition            College Station, Texas 77845 USA
                                      800-STATA-PC        http://www.stata.com
                                      979-696-4600        stata@stata.com
                                      979-696-4601 (fax)

22-user 8-core Stata network license expires 30 Jun 2023:
       Serial number:  501709313536
         Licensed to:  Social Sciences Computing Services
                       University of Chicago

Notes:
      1.  Stata is running in batch mode.
      2.  Unicode is supported; see help unicode_advice.
      3.  More than 2 billion observations are allowed; see help obs_advice.
      4.  Maximum number of variables is set to 5000; see help set_maxvar.

. do clean_hdma.do 

. * Set working directory 
. cd "/home/jmquintero925/Applied-Macro/Homework02"
/mnt/ide0/home/jmquintero925/Applied-Macro/Homework02

. * Open log 
. log using log/clean_hdma, replace
-------------------------------------------------------------------------------
      name:  <unnamed>
       log:  /mnt/ide0/home/jmquintero925/Applied-Macro/Homework02/log/clean_hd
> ma.smcl
  log type:  smcl
 opened on:  22 Oct 2022, 12:46:17

. * Import datafor 2020
. import delimited "Data/2020_public_lar.csv", varnames(1) colrange(3:23) clear
>  
(21 vars, 25,551,868 obs)

. keep derived_msa_md action_taken loan_purpose combined_loan_to_value_ratio

. destring combined_loan_to_value_ratio, replace force
combined_loan_to_value_ratio: contains nonnumeric characters; replaced as doubl
> e
(9443134 missing values generated)

. * Clean data 
. keep if action_taken==1
(11,010,566 observations deleted)

. gen year = 2020

. sum

    Variable |        Obs        Mean    Std. Dev.       Min        Max
-------------+---------------------------------------------------------
derived_ms~d | 14,541,302    36914.91    22891.81          0      99999
action_taken | 14,541,302           1           0          1          1
loan_purpose | 14,541,302     19.3977    14.66208          1         32
combined_l~o | 13,145,905    75.31286    5114.228       .007   1.83e+07
        year | 14,541,302        2020           0       2020       2020

. * Creat var for counting 
. gen n_ref       = inlist(loan_purpose,31,32)

. gen n_cashRef   = loan_purpose==32      

. * Collapse data frame 
. collapse (mean) loan2val_m = combined_loan_to_value_ratio ///
>          (median)  loan2val_p50 = combined_loan_to_value_ratio ///
>          (sum) n_ref n_cashRef, by(derived_msa_md year)

. * Save temp data frame
. save Data/temp.dta, replace 
file Data/temp.dta saved

. * Import datafor 2021
. import delimited "Data/2021_public_lar.csv", varnames(1) colrange(3:23) clear
(21 vars, 26,124,552 obs)

. keep derived_msa_md action_taken loan_purpose combined_loan_to_value_ratio

. destring combined_loan_to_value_ratio, replace force
combined_loan_to_value_ratio: contains nonnumeric characters; replaced as doubl
> e
(9237741 missing values generated)

. * Clean data 
. keep if action_taken==1
(11,127,244 observations deleted)

. gen year = 2021

. * Creat var for counting 
. gen n_ref       = inlist(loan_purpose,31,32)

. gen n_cashRef   = loan_purpose==32      

. * Collapse data frame 
. collapse (mean) loan2val_m = combined_loan_to_value_ratio ///
>          (median)  loan2val_p50 = combined_loan_to_value_ratio ///
>          (sum) n_ref n_cashRef, by(derived_msa_md year)

. 
. * Append with 2020
. append using Data/temp

. * Erase temp 
. erase Data/temp.dta  

. log close        
      name:  <unnamed>
       log:  /mnt/ide0/home/jmquintero925/Applied-Macro/Homework02/log/clean_hd
> ma.smcl
  log type:  smcl
 closed on:  22 Oct 2022, 13:24:09
-------------------------------------------------------------------------------

. * Save data frame
. save hdma_collapsed.dta, replace         
(note: file hdma_collapsed.dta not found)
file hdma_collapsed.dta saved

.          
.          
. 
end of do-file
